RAM Allocation [bytes]
Variable                                                                          Address   Size
------------------------------------------------------------------------------------------------

EEPROM Allocation [bytes]
Variable                                                                          Address   Size
------------------------------------------------------------------------------------------------

Register Allocation
Variable                                                                          Register  Size
------------------------------------------------------------------------------------------------

FLASH Allocation [words]
Function                                                                          Address   Size
------------------------------------------------------------------------------------------------
putchar                                                                           0x00077      7
uart0_init                                                                        0x0007E     14
adc_interrupt_init                                                                0x0008C     10
read_adc                                                                          0x00096     12
main                                                                              0x000A2     41
put_usart_G100                                                                    0x000CB     14
_print_G100                                                                       0x000D9    294
printf                                                                            0x001FF     35
strlen                                                                            0x00222     12
strlenf                                                                           0x0022E     13
