
AVRASM ver. 2.1.30  C:\Users\ryo\Desktop\Lab\Projects\infra_red_interrupt\Debug\List\infra_red.asm Wed Jan 16 14:54:59 2019

                 
                 
                 ;CodeVisionAVR C Compiler V3.34 Evaluation
                 ;(C) Copyright 1998-2018 Pavel Haiduc, HP InfoTech s.r.l.
                 ;http://www.hpinfotech.com
                 
                 ;Build configuration    : Debug
                 ;Chip type              : ATmega128
                 ;Program type           : Application
                 ;Clock frequency        : 8.000000 MHz
                 ;Memory model           : Small
                 ;Optimize for           : Size
                 ;(s)printf features     : int, width
                 ;(s)scanf features      : int, width
                 ;External RAM size      : 0
                 ;Data Stack size        : 1024 byte(s)
                 ;Heap size              : 0 byte(s)
                 ;Promote 'char' to 'int': Yes
                 ;'char' is unsigned     : Yes
                 ;8 bit enums            : Yes
                 ;Global 'const' stored in FLASH: No
                 ;Enhanced function parameter passing: Mode 2
                 ;Enhanced core instructions: On
                 ;Automatic register allocation for global variables: On
                 ;Smart register allocation: On
                 
                 	#define _MODEL_SMALL_
                 
                 	#pragma AVRPART ADMIN PART_NAME ATmega128
                 	#pragma AVRPART MEMORY PROG_FLASH 131072
                 	#pragma AVRPART MEMORY EEPROM 4096
                 	#pragma AVRPART MEMORY INT_SRAM SIZE 4096
                 	#pragma AVRPART MEMORY INT_SRAM START_ADDR 0x100
                 
                 	#define CALL_SUPPORTED 1
                 
                 	.LISTMAC
                 	.EQU UDRE=0x5
                 	.EQU RXC=0x7
                 	.EQU USR=0xB
                 	.EQU UDR=0xC
                 	.EQU SPSR=0xE
                 	.EQU SPDR=0xF
                 	.EQU EERE=0x0
                 	.EQU EEWE=0x1
                 	.EQU EEMWE=0x2
                 	.EQU EECR=0x1C
                 	.EQU EEDR=0x1D
                 	.EQU EEARL=0x1E
                 	.EQU EEARH=0x1F
                 	.EQU WDTCR=0x21
                 	.EQU MCUCR=0x35
                 	.EQU RAMPZ=0x3B
                 	.EQU SPL=0x3D
                 	.EQU SPH=0x3E
                 	.EQU SREG=0x3F
                 	.EQU XMCRA=0x6D
                 	.EQU XMCRB=0x6C
                 
                 	.DEF R0X0=R0
                 	.DEF R0X1=R1
                 	.DEF R0X2=R2
                 	.DEF R0X3=R3
                 	.DEF R0X4=R4
                 	.DEF R0X5=R5
                 	.DEF R0X6=R6
                 	.DEF R0X7=R7
                 	.DEF R0X8=R8
                 	.DEF R0X9=R9
                 	.DEF R0XA=R10
                 	.DEF R0XB=R11
                 	.DEF R0XC=R12
                 	.DEF R0XD=R13
                 	.DEF R0XE=R14
                 	.DEF R0XF=R15
                 	.DEF R0X10=R16
                 	.DEF R0X11=R17
                 	.DEF R0X12=R18
                 	.DEF R0X13=R19
                 	.DEF R0X14=R20
                 	.DEF R0X15=R21
                 	.DEF R0X16=R22
                 	.DEF R0X17=R23
                 	.DEF R0X18=R24
                 	.DEF R0X19=R25
                 	.DEF R0X1A=R26
                 	.DEF R0X1B=R27
                 	.DEF R0X1C=R28
                 	.DEF R0X1D=R29
                 	.DEF R0X1E=R30
                 	.DEF R0X1F=R31
                 
                 	.EQU __SRAM_START=0x0100
                 	.EQU __SRAM_END=0x10FF
                 	.EQU __DSTACK_SIZE=0x0400
                 	.EQU __HEAP_SIZE=0x0000
                 	.EQU __CLEAR_SRAM_SIZE=__SRAM_END-__SRAM_START+1
                 
                 	.MACRO __CPD1N
                 	CPI  R30,LOW(@0)
                 	LDI  R26,HIGH(@0)
                 	CPC  R31,R26
                 	LDI  R26,BYTE3(@0)
                 	CPC  R22,R26
                 	LDI  R26,BYTE4(@0)
                 	CPC  R23,R26
                 	.ENDM
                 
                 	.MACRO __CPD2N
                 	CPI  R26,LOW(@0)
                 	LDI  R30,HIGH(@0)
                 	CPC  R27,R30
                 	LDI  R30,BYTE3(@0)
                 	CPC  R24,R30
                 	LDI  R30,BYTE4(@0)
                 	CPC  R25,R30
                 	.ENDM
                 
                 	.MACRO __CPWRR
                 	CP   R@0,R@2
                 	CPC  R@1,R@3
                 	.ENDM
                 
                 	.MACRO __CPWRN
                 	CPI  R@0,LOW(@2)
                 	LDI  R30,HIGH(@2)
                 	CPC  R@1,R30
                 	.ENDM
                 
                 	.MACRO __ADDB1MN
                 	SUBI R30,LOW(-@0-(@1))
                 	.ENDM
                 
                 	.MACRO __ADDB2MN
                 	SUBI R26,LOW(-@0-(@1))
                 	.ENDM
                 
                 	.MACRO __ADDW1MN
                 	SUBI R30,LOW(-@0-(@1))
                 	SBCI R31,HIGH(-@0-(@1))
                 	.ENDM
                 
                 	.MACRO __ADDW2MN
                 	SUBI R26,LOW(-@0-(@1))
                 	SBCI R27,HIGH(-@0-(@1))
                 	.ENDM
                 
                 	.MACRO __ADDW1FN
                 	SUBI R30,LOW(-2*@0-(@1))
                 	SBCI R31,HIGH(-2*@0-(@1))
                 	.ENDM
                 
                 	.MACRO __ADDD1FN
                 	SUBI R30,LOW(-2*@0-(@1))
                 	SBCI R31,HIGH(-2*@0-(@1))
                 	SBCI R22,BYTE3(-2*@0-(@1))
                 	.ENDM
                 
                 	.MACRO __ADDD1N
                 	SUBI R30,LOW(-@0)
                 	SBCI R31,HIGH(-@0)
                 	SBCI R22,BYTE3(-@0)
                 	SBCI R23,BYTE4(-@0)
                 	.ENDM
                 
                 	.MACRO __ADDD2N
                 	SUBI R26,LOW(-@0)
                 	SBCI R27,HIGH(-@0)
                 	SBCI R24,BYTE3(-@0)
                 	SBCI R25,BYTE4(-@0)
                 	.ENDM
                 
                 	.MACRO __SUBD1N
                 	SUBI R30,LOW(@0)
                 	SBCI R31,HIGH(@0)
                 	SBCI R22,BYTE3(@0)
                 	SBCI R23,BYTE4(@0)
                 	.ENDM
                 
                 	.MACRO __SUBD2N
                 	SUBI R26,LOW(@0)
                 	SBCI R27,HIGH(@0)
                 	SBCI R24,BYTE3(@0)
                 	SBCI R25,BYTE4(@0)
                 	.ENDM
                 
                 	.MACRO __ANDBMNN
                 	LDS  R30,@0+(@1)
                 	ANDI R30,LOW(@2)
                 	STS  @0+(@1),R30
                 	.ENDM
                 
                 	.MACRO __ANDWMNN
                 	LDS  R30,@0+(@1)
                 	ANDI R30,LOW(@2)
                 	STS  @0+(@1),R30
                 	LDS  R30,@0+(@1)+1
                 	ANDI R30,HIGH(@2)
                 	STS  @0+(@1)+1,R30
                 	.ENDM
                 
                 	.MACRO __ANDD1N
                 	ANDI R30,LOW(@0)
                 	ANDI R31,HIGH(@0)
                 	ANDI R22,BYTE3(@0)
                 	ANDI R23,BYTE4(@0)
                 	.ENDM
                 
                 	.MACRO __ANDD2N
                 	ANDI R26,LOW(@0)
                 	ANDI R27,HIGH(@0)
                 	ANDI R24,BYTE3(@0)
                 	ANDI R25,BYTE4(@0)
                 	.ENDM
                 
                 	.MACRO __ORBMNN
                 	LDS  R30,@0+(@1)
                 	ORI  R30,LOW(@2)
                 	STS  @0+(@1),R30
                 	.ENDM
                 
                 	.MACRO __ORWMNN
                 	LDS  R30,@0+(@1)
                 	ORI  R30,LOW(@2)
                 	STS  @0+(@1),R30
                 	LDS  R30,@0+(@1)+1
                 	ORI  R30,HIGH(@2)
                 	STS  @0+(@1)+1,R30
                 	.ENDM
                 
                 	.MACRO __ORD1N
                 	ORI  R30,LOW(@0)
                 	ORI  R31,HIGH(@0)
                 	ORI  R22,BYTE3(@0)
                 	ORI  R23,BYTE4(@0)
                 	.ENDM
                 
                 	.MACRO __ORD2N
                 	ORI  R26,LOW(@0)
                 	ORI  R27,HIGH(@0)
                 	ORI  R24,BYTE3(@0)
                 	ORI  R25,BYTE4(@0)
                 	.ENDM
                 
                 	.MACRO __DELAY_USB
                 	LDI  R24,LOW(@0)
                 __DELAY_USB_LOOP:
                 	DEC  R24
                 	BRNE __DELAY_USB_LOOP
                 	.ENDM
                 
                 	.MACRO __DELAY_USW
                 	LDI  R24,LOW(@0)
                 	LDI  R25,HIGH(@0)
                 __DELAY_USW_LOOP:
                 	SBIW R24,1
                 	BRNE __DELAY_USW_LOOP
                 	.ENDM
                 
                 	.MACRO __GETD1S
                 	LDD  R30,Y+@0
                 	LDD  R31,Y+@0+1
                 	LDD  R22,Y+@0+2
                 	LDD  R23,Y+@0+3
                 	.ENDM
                 
                 	.MACRO __GETD2S
                 	LDD  R26,Y+@0
                 	LDD  R27,Y+@0+1
                 	LDD  R24,Y+@0+2
                 	LDD  R25,Y+@0+3
                 	.ENDM
                 
                 	.MACRO __PUTD1S
                 	STD  Y+@0,R30
                 	STD  Y+@0+1,R31
                 	STD  Y+@0+2,R22
                 	STD  Y+@0+3,R23
                 	.ENDM
                 
                 	.MACRO __PUTD2S
                 	STD  Y+@0,R26
                 	STD  Y+@0+1,R27
                 	STD  Y+@0+2,R24
                 	STD  Y+@0+3,R25
                 	.ENDM
                 
                 	.MACRO __PUTDZ2
                 	STD  Z+@0,R26
                 	STD  Z+@0+1,R27
                 	STD  Z+@0+2,R24
                 	STD  Z+@0+3,R25
                 	.ENDM
                 
                 	.MACRO __CLRD1S
                 	STD  Y+@0,R30
                 	STD  Y+@0+1,R30
                 	STD  Y+@0+2,R30
                 	STD  Y+@0+3,R30
                 	.ENDM
                 
                 	.MACRO __POINTB1MN
                 	LDI  R30,LOW(@0+(@1))
                 	.ENDM
                 
                 	.MACRO __POINTW1MN
                 	LDI  R30,LOW(@0+(@1))
                 	LDI  R31,HIGH(@0+(@1))
                 	.ENDM
                 
                 	.MACRO __POINTD1M
                 	LDI  R30,LOW(@0)
                 	LDI  R31,HIGH(@0)
                 	LDI  R22,BYTE3(@0)
                 	LDI  R23,BYTE4(@0)
                 	.ENDM
                 
                 	.MACRO __POINTW1FN
                 	LDI  R30,LOW(2*@0+(@1))
                 	LDI  R31,HIGH(2*@0+(@1))
                 	.ENDM
                 
                 	.MACRO __POINTD1FN
                 	LDI  R30,LOW(2*@0+(@1))
                 	LDI  R31,HIGH(2*@0+(@1))
                 	LDI  R22,BYTE3(2*@0+(@1))
                 	LDI  R23,BYTE4(2*@0+(@1))
                 	.ENDM
                 
                 	.MACRO __POINTB2MN
                 	LDI  R26,LOW(@0+(@1))
                 	.ENDM
                 
                 	.MACRO __POINTW2MN
                 	LDI  R26,LOW(@0+(@1))
                 	LDI  R27,HIGH(@0+(@1))
                 	.ENDM
                 
                 	.MACRO __POINTD2M
                 	LDI  R26,LOW(@0)
                 	LDI  R27,HIGH(@0)
                 	LDI  R24,BYTE3(@0)
                 	LDI  R25,BYTE4(@0)
                 	.ENDM
                 
                 	.MACRO __POINTW2FN
                 	LDI  R26,LOW(2*@0+(@1))
                 	LDI  R27,HIGH(2*@0+(@1))
                 	.ENDM
                 
                 	.MACRO __POINTD2FN
                 	LDI  R26,LOW(2*@0+(@1))
                 	LDI  R27,HIGH(2*@0+(@1))
                 	LDI  R24,BYTE3(2*@0+(@1))
                 	LDI  R25,BYTE4(2*@0+(@1))
                 	.ENDM
                 
                 	.MACRO __POINTBRM
                 	LDI  R@0,LOW(@1)
                 	.ENDM
                 
                 	.MACRO __POINTWRM
                 	LDI  R@0,LOW(@2)
                 	LDI  R@1,HIGH(@2)
                 	.ENDM
                 
                 	.MACRO __POINTBRMN
                 	LDI  R@0,LOW(@1+(@2))
                 	.ENDM
                 
                 	.MACRO __POINTWRMN
                 	LDI  R@0,LOW(@2+(@3))
                 	LDI  R@1,HIGH(@2+(@3))
                 	.ENDM
                 
                 	.MACRO __POINTWRFN
                 	LDI  R@0,LOW(@2*2+(@3))
                 	LDI  R@1,HIGH(@2*2+(@3))
                 	.ENDM
                 
                 	.MACRO __GETD1N
                 	LDI  R30,LOW(@0)
                 	LDI  R31,HIGH(@0)
                 	LDI  R22,BYTE3(@0)
                 	LDI  R23,BYTE4(@0)
                 	.ENDM
                 
                 	.MACRO __GETD2N
                 	LDI  R26,LOW(@0)
                 	LDI  R27,HIGH(@0)
                 	LDI  R24,BYTE3(@0)
                 	LDI  R25,BYTE4(@0)
                 	.ENDM
                 
                 	.MACRO __GETB1MN
                 	LDS  R30,@0+(@1)
                 	.ENDM
                 
                 	.MACRO __GETB1HMN
                 	LDS  R31,@0+(@1)
                 	.ENDM
                 
                 	.MACRO __GETW1MN
                 	LDS  R30,@0+(@1)
                 	LDS  R31,@0+(@1)+1
                 	.ENDM
                 
                 	.MACRO __GETD1MN
                 	LDS  R30,@0+(@1)
                 	LDS  R31,@0+(@1)+1
                 	LDS  R22,@0+(@1)+2
                 	LDS  R23,@0+(@1)+3
                 	.ENDM
                 
                 	.MACRO __GETBRMN
                 	LDS  R@0,@1+(@2)
                 	.ENDM
                 
                 	.MACRO __GETWRMN
                 	LDS  R@0,@2+(@3)
                 	LDS  R@1,@2+(@3)+1
                 	.ENDM
                 
                 	.MACRO __GETWRZ
                 	LDD  R@0,Z+@2
                 	LDD  R@1,Z+@2+1
                 	.ENDM
                 
                 	.MACRO __GETD2Z
                 	LDD  R26,Z+@0
                 	LDD  R27,Z+@0+1
                 	LDD  R24,Z+@0+2
                 	LDD  R25,Z+@0+3
                 	.ENDM
                 
                 	.MACRO __GETB2MN
                 	LDS  R26,@0+(@1)
                 	.ENDM
                 
                 	.MACRO __GETW2MN
                 	LDS  R26,@0+(@1)
                 	LDS  R27,@0+(@1)+1
                 	.ENDM
                 
                 	.MACRO __GETD2MN
                 	LDS  R26,@0+(@1)
                 	LDS  R27,@0+(@1)+1
                 	LDS  R24,@0+(@1)+2
                 	LDS  R25,@0+(@1)+3
                 	.ENDM
                 
                 	.MACRO __PUTB1MN
                 	STS  @0+(@1),R30
                 	.ENDM
                 
                 	.MACRO __PUTW1MN
                 	STS  @0+(@1),R30
                 	STS  @0+(@1)+1,R31
                 	.ENDM
                 
                 	.MACRO __PUTD1MN
                 	STS  @0+(@1),R30
                 	STS  @0+(@1)+1,R31
                 	STS  @0+(@1)+2,R22
                 	STS  @0+(@1)+3,R23
                 	.ENDM
                 
                 	.MACRO __PUTB1EN
                 	LDI  R26,LOW(@0+(@1))
                 	LDI  R27,HIGH(@0+(@1))
                 	CALL __EEPROMWRB
                 	.ENDM
                 
                 	.MACRO __PUTW1EN
                 	LDI  R26,LOW(@0+(@1))
                 	LDI  R27,HIGH(@0+(@1))
                 	CALL __EEPROMWRW
                 	.ENDM
                 
                 	.MACRO __PUTD1EN
                 	LDI  R26,LOW(@0+(@1))
                 	LDI  R27,HIGH(@0+(@1))
                 	CALL __EEPROMWRD
                 	.ENDM
                 
                 	.MACRO __PUTBR0MN
                 	STS  @0+(@1),R0
                 	.ENDM
                 
                 	.MACRO __PUTBMRN
                 	STS  @0+(@1),R@2
                 	.ENDM
                 
                 	.MACRO __PUTWMRN
                 	STS  @0+(@1),R@2
                 	STS  @0+(@1)+1,R@3
                 	.ENDM
                 
                 	.MACRO __PUTBZR
                 	STD  Z+@1,R@0
                 	.ENDM
                 
                 	.MACRO __PUTWZR
                 	STD  Z+@2,R@0
                 	STD  Z+@2+1,R@1
                 	.ENDM
                 
                 	.MACRO __GETW1R
                 	MOV  R30,R@0
                 	MOV  R31,R@1
                 	.ENDM
                 
                 	.MACRO __GETW2R
                 	MOV  R26,R@0
                 	MOV  R27,R@1
                 	.ENDM
                 
                 	.MACRO __GETWRN
                 	LDI  R@0,LOW(@2)
                 	LDI  R@1,HIGH(@2)
                 	.ENDM
                 
                 	.MACRO __PUTW1R
                 	MOV  R@0,R30
                 	MOV  R@1,R31
                 	.ENDM
                 
                 	.MACRO __PUTW2R
                 	MOV  R@0,R26
                 	MOV  R@1,R27
                 	.ENDM
                 
                 	.MACRO __ADDWRN
                 	SUBI R@0,LOW(-@2)
                 	SBCI R@1,HIGH(-@2)
                 	.ENDM
                 
                 	.MACRO __ADDWRR
                 	ADD  R@0,R@2
                 	ADC  R@1,R@3
                 	.ENDM
                 
                 	.MACRO __SUBWRN
                 	SUBI R@0,LOW(@2)
                 	SBCI R@1,HIGH(@2)
                 	.ENDM
                 
                 	.MACRO __SUBWRR
                 	SUB  R@0,R@2
                 	SBC  R@1,R@3
                 	.ENDM
                 
                 	.MACRO __ANDWRN
                 	ANDI R@0,LOW(@2)
                 	ANDI R@1,HIGH(@2)
                 	.ENDM
                 
                 	.MACRO __ANDWRR
                 	AND  R@0,R@2
                 	AND  R@1,R@3
                 	.ENDM
                 
                 	.MACRO __ORWRN
                 	ORI  R@0,LOW(@2)
                 	ORI  R@1,HIGH(@2)
                 	.ENDM
                 
                 	.MACRO __ORWRR
                 	OR   R@0,R@2
                 	OR   R@1,R@3
                 	.ENDM
                 
                 	.MACRO __EORWRR
                 	EOR  R@0,R@2
                 	EOR  R@1,R@3
                 	.ENDM
                 
                 	.MACRO __GETWRS
                 	LDD  R@0,Y+@2
                 	LDD  R@1,Y+@2+1
                 	.ENDM
                 
                 	.MACRO __PUTBSR
                 	STD  Y+@1,R@0
                 	.ENDM
                 
                 	.MACRO __PUTWSR
                 	STD  Y+@2,R@0
                 	STD  Y+@2+1,R@1
                 	.ENDM
                 
                 	.MACRO __MOVEWRR
                 	MOV  R@0,R@2
                 	MOV  R@1,R@3
                 	.ENDM
                 
                 	.MACRO __INWR
                 	IN   R@0,@2
                 	IN   R@1,@2+1
                 	.ENDM
                 
                 	.MACRO __OUTWR
                 	OUT  @2+1,R@1
                 	OUT  @2,R@0
                 	.ENDM
                 
                 	.MACRO __CALL1MN
                 	LDS  R30,@0+(@1)
                 	LDS  R31,@0+(@1)+1
                 	ICALL
                 	.ENDM
                 
                 	.MACRO __CALL1FN
                 	LDI  R30,LOW(2*@0+(@1))
                 	LDI  R31,HIGH(2*@0+(@1))
                 	CALL __GETW1PF
                 	ICALL
                 	.ENDM
                 
                 	.MACRO __CALL2EN
                 	PUSH R26
                 	PUSH R27
                 	LDI  R26,LOW(@0+(@1))
                 	LDI  R27,HIGH(@0+(@1))
                 	CALL __EEPROMRDW
                 	POP  R27
                 	POP  R26
                 	ICALL
                 	.ENDM
                 
                 	.MACRO __CALL2EX
                 	SUBI R26,LOW(-@0)
                 	SBCI R27,HIGH(-@0)
                 	CALL __EEPROMRDD
                 	ICALL
                 	.ENDM
                 
                 	.MACRO __GETW1STACK
                 	IN   R30,SPL
                 	IN   R31,SPH
                 	ADIW R30,@0+1
                 	LD   R0,Z+
                 	LD   R31,Z
                 	MOV  R30,R0
                 	.ENDM
                 
                 	.MACRO __GETD1STACK
                 	IN   R30,SPL
                 	IN   R31,SPH
                 	ADIW R30,@0+1
                 	LD   R0,Z+
                 	LD   R1,Z+
                 	LD   R22,Z
                 	MOVW R30,R0
                 	.ENDM
                 
                 	.MACRO __NBST
                 	BST  R@0,@1
                 	IN   R30,SREG
                 	LDI  R31,0x40
                 	EOR  R30,R31
                 	OUT  SREG,R30
                 	.ENDM
                 
                 
                 	.MACRO __PUTB1SN
                 	LDD  R26,Y+@0
                 	LDD  R27,Y+@0+1
                 	SUBI R26,LOW(-@1)
                 	SBCI R27,HIGH(-@1)
                 	ST   X,R30
                 	.ENDM
                 
                 	.MACRO __PUTW1SN
                 	LDD  R26,Y+@0
                 	LDD  R27,Y+@0+1
                 	SUBI R26,LOW(-@1)
                 	SBCI R27,HIGH(-@1)
                 	ST   X+,R30
                 	ST   X,R31
                 	.ENDM
                 
                 	.MACRO __PUTD1SN
                 	LDD  R26,Y+@0
                 	LDD  R27,Y+@0+1
                 	SUBI R26,LOW(-@1)
                 	SBCI R27,HIGH(-@1)
                 	CALL __PUTDP1
                 	.ENDM
                 
                 	.MACRO __PUTB1SNS
                 	LDD  R26,Y+@0
                 	LDD  R27,Y+@0+1
                 	ADIW R26,@1
                 	ST   X,R30
                 	.ENDM
                 
                 	.MACRO __PUTW1SNS
                 	LDD  R26,Y+@0
                 	LDD  R27,Y+@0+1
                 	ADIW R26,@1
                 	ST   X+,R30
                 	ST   X,R31
                 	.ENDM
                 
                 	.MACRO __PUTD1SNS
                 	LDD  R26,Y+@0
                 	LDD  R27,Y+@0+1
                 	ADIW R26,@1
                 	CALL __PUTDP1
                 	.ENDM
                 
                 	.MACRO __PUTB1PMN
                 	LDS  R26,@0
                 	LDS  R27,@0+1
                 	SUBI R26,LOW(-@1)
                 	SBCI R27,HIGH(-@1)
                 	ST   X,R30
                 	.ENDM
                 
                 	.MACRO __PUTW1PMN
                 	LDS  R26,@0
                 	LDS  R27,@0+1
                 	SUBI R26,LOW(-@1)
                 	SBCI R27,HIGH(-@1)
                 	ST   X+,R30
                 	ST   X,R31
                 	.ENDM
                 
                 	.MACRO __PUTD1PMN
                 	LDS  R26,@0
                 	LDS  R27,@0+1
                 	SUBI R26,LOW(-@1)
                 	SBCI R27,HIGH(-@1)
                 	CALL __PUTDP1
                 	.ENDM
                 
                 	.MACRO __PUTB1PMNS
                 	LDS  R26,@0
                 	LDS  R27,@0+1
                 	ADIW R26,@1
                 	ST   X,R30
                 	.ENDM
                 
                 	.MACRO __PUTW1PMNS
                 	LDS  R26,@0
                 	LDS  R27,@0+1
                 	ADIW R26,@1
                 	ST   X+,R30
                 	ST   X,R31
                 	.ENDM
                 
                 	.MACRO __PUTD1PMNS
                 	LDS  R26,@0
                 	LDS  R27,@0+1
                 	ADIW R26,@1
                 	CALL __PUTDP1
                 	.ENDM
                 
                 	.MACRO __PUTB1RN
                 	MOVW R26,R@0
                 	SUBI R26,LOW(-@1)
                 	SBCI R27,HIGH(-@1)
                 	ST   X,R30
                 	.ENDM
                 
                 	.MACRO __PUTW1RN
                 	MOVW R26,R@0
                 	SUBI R26,LOW(-@1)
                 	SBCI R27,HIGH(-@1)
                 	ST   X+,R30
                 	ST   X,R31
                 	.ENDM
                 
                 	.MACRO __PUTD1RN
                 	MOVW R26,R@0
                 	SUBI R26,LOW(-@1)
                 	SBCI R27,HIGH(-@1)
                 	CALL __PUTDP1
                 	.ENDM
                 
                 	.MACRO __PUTB1RNS
                 	MOVW R26,R@0
                 	ADIW R26,@1
                 	ST   X,R30
                 	.ENDM
                 
                 	.MACRO __PUTW1RNS
                 	MOVW R26,R@0
                 	ADIW R26,@1
                 	ST   X+,R30
                 	ST   X,R31
                 	.ENDM
                 
                 	.MACRO __PUTD1RNS
                 	MOVW R26,R@0
                 	ADIW R26,@1
                 	CALL __PUTDP1
                 	.ENDM
                 
                 	.MACRO __PUTB1RON
                 	MOV  R26,R@0
                 	MOV  R27,R@1
                 	SUBI R26,LOW(-@2)
                 	SBCI R27,HIGH(-@2)
                 	ST   X,R30
                 	.ENDM
                 
                 	.MACRO __PUTW1RON
                 	MOV  R26,R@0
                 	MOV  R27,R@1
                 	SUBI R26,LOW(-@2)
                 	SBCI R27,HIGH(-@2)
                 	ST   X+,R30
                 	ST   X,R31
                 	.ENDM
                 
                 	.MACRO __PUTD1RON
                 	MOV  R26,R@0
                 	MOV  R27,R@1
                 	SUBI R26,LOW(-@2)
                 	SBCI R27,HIGH(-@2)
                 	CALL __PUTDP1
                 	.ENDM
                 
                 	.MACRO __PUTB1RONS
                 	MOV  R26,R@0
                 	MOV  R27,R@1
                 	ADIW R26,@2
                 	ST   X,R30
                 	.ENDM
                 
                 	.MACRO __PUTW1RONS
                 	MOV  R26,R@0
                 	MOV  R27,R@1
                 	ADIW R26,@2
                 	ST   X+,R30
                 	ST   X,R31
                 	.ENDM
                 
                 	.MACRO __PUTD1RONS
                 	MOV  R26,R@0
                 	MOV  R27,R@1
                 	ADIW R26,@2
                 	CALL __PUTDP1
                 	.ENDM
                 
                 
                 	.MACRO __GETB1SX
                 	MOVW R30,R28
                 	SUBI R30,LOW(-@0)
                 	SBCI R31,HIGH(-@0)
                 	LD   R30,Z
                 	.ENDM
                 
                 	.MACRO __GETB1HSX
                 	MOVW R30,R28
                 	SUBI R30,LOW(-@0)
                 	SBCI R31,HIGH(-@0)
                 	LD   R31,Z
                 	.ENDM
                 
                 	.MACRO __GETW1SX
                 	MOVW R30,R28
                 	SUBI R30,LOW(-@0)
                 	SBCI R31,HIGH(-@0)
                 	LD   R0,Z+
                 	LD   R31,Z
                 	MOV  R30,R0
                 	.ENDM
                 
                 	.MACRO __GETD1SX
                 	MOVW R30,R28
                 	SUBI R30,LOW(-@0)
                 	SBCI R31,HIGH(-@0)
                 	LD   R0,Z+
                 	LD   R1,Z+
                 	LD   R22,Z+
                 	LD   R23,Z
                 	MOVW R30,R0
                 	.ENDM
                 
                 	.MACRO __GETB2SX
                 	MOVW R26,R28
                 	SUBI R26,LOW(-@0)
                 	SBCI R27,HIGH(-@0)
                 	LD   R26,X
                 	.ENDM
                 
                 	.MACRO __GETW2SX
                 	MOVW R26,R28
                 	SUBI R26,LOW(-@0)
                 	SBCI R27,HIGH(-@0)
                 	LD   R0,X+
                 	LD   R27,X
                 	MOV  R26,R0
                 	.ENDM
                 
                 	.MACRO __GETD2SX
                 	MOVW R26,R28
                 	SUBI R26,LOW(-@0)
                 	SBCI R27,HIGH(-@0)
                 	LD   R0,X+
                 	LD   R1,X+
                 	LD   R24,X+
                 	LD   R25,X
                 	MOVW R26,R0
                 	.ENDM
                 
                 	.MACRO __GETBRSX
                 	MOVW R30,R28
                 	SUBI R30,LOW(-@1)
                 	SBCI R31,HIGH(-@1)
                 	LD   R@0,Z
                 	.ENDM
                 
                 	.MACRO __GETWRSX
                 	MOVW R30,R28
                 	SUBI R30,LOW(-@2)
                 	SBCI R31,HIGH(-@2)
                 	LD   R@0,Z+
                 	LD   R@1,Z
                 	.ENDM
                 
                 	.MACRO __GETBRSX2
                 	MOVW R26,R28
                 	SUBI R26,LOW(-@1)
                 	SBCI R27,HIGH(-@1)
                 	LD   R@0,X
                 	.ENDM
                 
                 	.MACRO __GETWRSX2
                 	MOVW R26,R28
                 	SUBI R26,LOW(-@2)
                 	SBCI R27,HIGH(-@2)
                 	LD   R@0,X+
                 	LD   R@1,X
                 	.ENDM
                 
                 	.MACRO __LSLW8SX
                 	MOVW R30,R28
                 	SUBI R30,LOW(-@0)
                 	SBCI R31,HIGH(-@0)
                 	LD   R31,Z
                 	CLR  R30
                 	.ENDM
                 
                 	.MACRO __PUTB1SX
                 	MOVW R26,R28
                 	SUBI R26,LOW(-@0)
                 	SBCI R27,HIGH(-@0)
                 	ST   X,R30
                 	.ENDM
                 
                 	.MACRO __PUTW1SX
                 	MOVW R26,R28
                 	SUBI R26,LOW(-@0)
                 	SBCI R27,HIGH(-@0)
                 	ST   X+,R30
                 	ST   X,R31
                 	.ENDM
                 
                 	.MACRO __PUTD1SX
                 	MOVW R26,R28
                 	SUBI R26,LOW(-@0)
                 	SBCI R27,HIGH(-@0)
                 	ST   X+,R30
                 	ST   X+,R31
                 	ST   X+,R22
                 	ST   X,R23
                 	.ENDM
                 
                 	.MACRO __CLRW1SX
                 	MOVW R26,R28
                 	SUBI R26,LOW(-@0)
                 	SBCI R27,HIGH(-@0)
                 	ST   X+,R30
                 	ST   X,R30
                 	.ENDM
                 
                 	.MACRO __CLRD1SX
                 	MOVW R26,R28
                 	SUBI R26,LOW(-@0)
                 	SBCI R27,HIGH(-@0)
                 	ST   X+,R30
                 	ST   X+,R30
                 	ST   X+,R30
                 	ST   X,R30
                 	.ENDM
                 
                 	.MACRO __PUTB2SX
                 	MOVW R30,R28
                 	SUBI R30,LOW(-@0)
                 	SBCI R31,HIGH(-@0)
                 	ST   Z,R26
                 	.ENDM
                 
                 	.MACRO __PUTW2SX
                 	MOVW R30,R28
                 	SUBI R30,LOW(-@0)
                 	SBCI R31,HIGH(-@0)
                 	ST   Z+,R26
                 	ST   Z,R27
                 	.ENDM
                 
                 	.MACRO __PUTD2SX
                 	MOVW R30,R28
                 	SUBI R30,LOW(-@0)
                 	SBCI R31,HIGH(-@0)
                 	ST   Z+,R26
                 	ST   Z+,R27
                 	ST   Z+,R24
                 	ST   Z,R25
                 	.ENDM
                 
                 	.MACRO __PUTBSRX
                 	MOVW R30,R28
                 	SUBI R30,LOW(-@1)
                 	SBCI R31,HIGH(-@1)
                 	ST   Z,R@0
                 	.ENDM
                 
                 	.MACRO __PUTWSRX
                 	MOVW R30,R28
                 	SUBI R30,LOW(-@2)
                 	SBCI R31,HIGH(-@2)
                 	ST   Z+,R@0
                 	ST   Z,R@1
                 	.ENDM
                 
                 	.MACRO __PUTB1SNX
                 	MOVW R26,R28
                 	SUBI R26,LOW(-@0)
                 	SBCI R27,HIGH(-@0)
                 	LD   R0,X+
                 	LD   R27,X
                 	MOV  R26,R0
                 	SUBI R26,LOW(-@1)
                 	SBCI R27,HIGH(-@1)
                 	ST   X,R30
                 	.ENDM
                 
                 	.MACRO __PUTW1SNX
                 	MOVW R26,R28
                 	SUBI R26,LOW(-@0)
                 	SBCI R27,HIGH(-@0)
                 	LD   R0,X+
                 	LD   R27,X
                 	MOV  R26,R0
                 	SUBI R26,LOW(-@1)
                 	SBCI R27,HIGH(-@1)
                 	ST   X+,R30
                 	ST   X,R31
                 	.ENDM
                 
                 	.MACRO __PUTD1SNX
                 	MOVW R26,R28
                 	SUBI R26,LOW(-@0)
                 	SBCI R27,HIGH(-@0)
                 	LD   R0,X+
                 	LD   R27,X
                 	MOV  R26,R0
                 	SUBI R26,LOW(-@1)
                 	SBCI R27,HIGH(-@1)
                 	ST   X+,R30
                 	ST   X+,R31
                 	ST   X+,R22
                 	ST   X,R23
                 	.ENDM
                 
                 	.MACRO __MULBRR
                 	MULS R@0,R@1
                 	MOVW R30,R0
                 	.ENDM
                 
                 	.MACRO __MULBRRU
                 	MUL  R@0,R@1
                 	MOVW R30,R0
                 	.ENDM
                 
                 	.MACRO __MULBRR0
                 	MULS R@0,R@1
                 	.ENDM
                 
                 	.MACRO __MULBRRU0
                 	MUL  R@0,R@1
                 	.ENDM
                 
                 	.MACRO __MULBNWRU
                 	LDI  R26,@2
                 	MUL  R26,R@0
                 	MOVW R30,R0
                 	MUL  R26,R@1
                 	ADD  R31,R0
                 	.ENDM
                 
                 	.CSEG
                 	.ORG 0x00
                 
                 ;START OF CODE MARKER
                 __START_OF_CODE:
                 
                 ;INTERRUPT VECTORS
000000 940c 0059 	JMP  __RESET
000002 940c 0000 	JMP  0x00
000004 940c 0000 	JMP  0x00
000006 940c 0000 	JMP  0x00
000008 940c 0000 	JMP  0x00
00000a 940c 0000 	JMP  0x00
00000c 940c 0000 	JMP  0x00
00000e 940c 0000 	JMP  0x00
000010 940c 0000 	JMP  0x00
000012 940c 0000 	JMP  0x00
000014 940c 0000 	JMP  0x00
000016 940c 0000 	JMP  0x00
000018 940c 0000 	JMP  0x00
00001a 940c 0000 	JMP  0x00
00001c 940c 0000 	JMP  0x00
00001e 940c 0000 	JMP  0x00
000020 940c 0000 	JMP  0x00
000022 940c 0000 	JMP  0x00
000024 940c 0000 	JMP  0x00
000026 940c 0000 	JMP  0x00
000028 940c 0000 	JMP  0x00
00002a 940c 0000 	JMP  0x00
00002c 940c 0000 	JMP  0x00
00002e 940c 0000 	JMP  0x00
000030 940c 0000 	JMP  0x00
000032 940c 0000 	JMP  0x00
000034 940c 0000 	JMP  0x00
000036 940c 0000 	JMP  0x00
000038 940c 0000 	JMP  0x00
00003a 940c 0000 	JMP  0x00
00003c 940c 0000 	JMP  0x00
00003e 940c 0000 	JMP  0x00
000040 940c 0000 	JMP  0x00
000042 940c 0000 	JMP  0x00
000044 940c 0000 	JMP  0x00
                 
                 _tbl10_G100:
000046 2710
000047 03e8
000048 0064
000049 000a      	.DB  0x10,0x27,0xE8,0x3,0x64,0x0,0xA,0x0
00004a 0001      	.DB  0x1,0x0
                 _tbl16_G100:
00004b 1000
00004c 0100
00004d 0010
00004e 0001      	.DB  0x0,0x10,0x0,0x1,0x10,0x0,0x1,0x0
                 
                 _0x0:
00004f 6553
000050 736e
000051 726f
000052 5620      	.DB  0x53,0x65,0x6E,0x73,0x6F,0x72,0x20,0x56
000053 6c61
000054 6575
000055 3a20
000056 2520      	.DB  0x61,0x6C,0x75,0x65,0x20,0x3A,0x20,0x25
000057 0d75
000058 000a      	.DB  0x75,0xD,0xA,0x0
                 __RESET:
000059 94f8      	CLI
00005a 27ee      	CLR  R30
00005b bbec      	OUT  EECR,R30
                 
                 ;INTERRUPT VECTORS ARE PLACED
                 ;AT THE START OF FLASH
00005c e0f1      	LDI  R31,1
00005d bff5      	OUT  MCUCR,R31
00005e bfe5      	OUT  MCUCR,R30
00005f 93e0 006c 	STS  XMCRB,R30
                 
                 ;CLEAR R2-R14
000061 e08d      	LDI  R24,(14-2)+1
000062 e0a2      	LDI  R26,2
000063 27bb      	CLR  R27
                 __CLEAR_REG:
000064 93ed      	ST   X+,R30
000065 958a      	DEC  R24
000066 f7e9      	BRNE __CLEAR_REG
                 
                 ;CLEAR SRAM
000067 e080      	LDI  R24,LOW(__CLEAR_SRAM_SIZE)
000068 e190      	LDI  R25,HIGH(__CLEAR_SRAM_SIZE)
000069 e0a0      	LDI  R26,LOW(__SRAM_START)
00006a e0b1      	LDI  R27,HIGH(__SRAM_START)
                 __CLEAR_SRAM:
00006b 93ed      	ST   X+,R30
00006c 9701      	SBIW R24,1
00006d f7e9      	BRNE __CLEAR_SRAM
                 
00006e bf8b      	OUT  RAMPZ,R24
                 
                 ;HARDWARE STACK POINTER INITIALIZATION
00006f efef      	LDI  R30,LOW(__SRAM_END-__HEAP_SIZE)
000070 bfed      	OUT  SPL,R30
000071 e1e0      	LDI  R30,HIGH(__SRAM_END-__HEAP_SIZE)
000072 bfee      	OUT  SPH,R30
                 
                 ;DATA STACK POINTER INITIALIZATION
000073 e0c0      	LDI  R28,LOW(__SRAM_START+__DSTACK_SIZE)
000074 e0d5      	LDI  R29,HIGH(__SRAM_START+__DSTACK_SIZE)
                 
000075 940c 00a2 	JMP  _main
                 
                 	.ESEG
                 	.ORG 0x00
                 
                 	.DSEG
                 	.ORG 0x500
                 
                 	.CSEG
                 ;/*
                 ; * infra_red.c
                 ; *
                 ; * Created: 2019-01-15 ¿ÀÈÄ 5:39:25
                 ; * Author: ryo
                 ; */
                 ;
                 ;#include <mega128.h>
                 	#ifndef __SLEEP_DEFINED__
                 	#define __SLEEP_DEFINED__
                 	.EQU __se_bit=0x20
                 	.EQU __sm_mask=0x1C
                 	.EQU __sm_powerdown=0x10
                 	.EQU __sm_powersave=0x18
                 	.EQU __sm_standby=0x14
                 	.EQU __sm_ext_standby=0x1C
                 	.EQU __sm_adc_noise_red=0x08
                 	.SET power_ctrl_reg=mcucr
                 	#endif
                 ;#include <stdint.h>
                 ;#include <stdio.h>
                 ;#include <delay.h>
                 ;
                 ;#define _ALTERNATE_PUTCHAR_
                 ;void putchar(char c){while (!(UCSR0A & (1<<UDRE0)));UDR0=c;}
                 ; 0000 000E void putchar(char c){while (!(UCSR0A & (1<<5       )));UDR0=c;}
                 
                 	.CSEG
                 _putchar:
                 ; .FSTART _putchar
000077 931a      	ST   -Y,R17
000078 2f1a      	MOV  R17,R26
                 ;	c -> R17
                 _0x3:
000079 9b5d      	SBIS 0xB,5
00007a cffe      	RJMP _0x3
00007b b91c      	OUT  0xC,R17
00007c 9119      	LD   R17,Y+
00007d 9508      	RET
                 ; .FEND
                 ;
                 ;// UART0 initialize
                 ;// desired baud rate: 9600
                 ;// actual baud rate: 9600 (0.0%)
                 ;// char size: 8 bit
                 ;// parity: Disabled
                 ;void uart0_init(void)
                 ; 0000 0016 {
                 _uart0_init:
                 ; .FSTART _uart0_init
                 ; 0000 0017     UCSR0B = 0x00; //disable while setting baud rate
00007e e0e0      	LDI  R30,LOW(0)
00007f b9ea      	OUT  0xA,R30
                 ; 0000 0018     UCSR0A = 0x00;
000080 b9eb      	OUT  0xB,R30
                 ; 0000 0019     UCSR0C = 0x06; //0x0E;
000081 e0e6      	LDI  R30,LOW(6)
000082 93e0 0095 	STS  149,R30
                 ; 0000 001A     UBRR0H = 0x00; //set baud rate hi
000084 e0e0      	LDI  R30,LOW(0)
000085 93e0 0090 	STS  144,R30
                 ; 0000 001B     UBRR0L = 0x67; //set baud rate lo
000087 e6e7      	LDI  R30,LOW(103)
000088 b9e9      	OUT  0x9,R30
                 ; 0000 001C     UCSR0B = 0x18;
000089 e1e8      	LDI  R30,LOW(24)
00008a b9ea      	OUT  0xA,R30
                 ; 0000 001D }
00008b 9508      	RET
                 ; .FEND
                 ;
                 ;void adc_interrupt_init(void)
                 ; 0000 0020 {
                 _adc_interrupt_init:
                 ; .FSTART _adc_interrupt_init
                 ; 0000 0021     // https://webnautes.tistory.com/991
                 ; 0000 0022     // http://maxpulse.tistory.com/153
                 ; 0000 0023     // http://www.newtc.co.kr/dpshop/bbs/board.php?bo_table=m41&wr_id=772&sca=&sfl=wr_subject%7C%7Cwr_content&stx=adc&so ...
                 ; 0000 0024 
                 ; 0000 0025     DDRF = 0x00;
00008c e0e0      	LDI  R30,LOW(0)
00008d 93e0 0061 	STS  97,R30
                 ; 0000 0026     ADCSRA |= (1 << ADPS2) | (1 << ADPS1) | (1 << ADPS0); // Set ADC prescalar to 128 - 125KHz sample rate @ 16MHz
00008f b1e6      	IN   R30,0x6
000090 60e7      	ORI  R30,LOW(0x7)
000091 b9e6      	OUT  0x6,R30
                 ; 0000 0027     ADMUX |= (1 << REFS0);  // Set ADC reference to AVCC
000092 9a3e      	SBI  0x7,6
                 ; 0000 0028     ADCSRA |= (1 << ADEN);  // Enable ADC
000093 9a37      	SBI  0x6,7
                 ; 0000 0029     ADCSRA |= (1 << ADSC);  // Start A2D Conversions
000094 9a36      	SBI  0x6,6
                 ; 0000 002A }
000095 9508      	RET
                 ; .FEND
                 ;
                 ;uint16_t read_adc(void)
                 ; 0000 002D {
                 _read_adc:
                 ; .FSTART _read_adc
                 ; 0000 002E     ADMUX &= 0xE0;          // Single Ended Input with ADC0
000096 b1e7      	IN   R30,0x7
000097 7ee0      	ANDI R30,LOW(0xE0)
000098 b9e7      	OUT  0x7,R30
                 ; 0000 002F     ADMUX |= 0x00;          // ?
000099 b1e7      	IN   R30,0x7
00009a b9e7      	OUT  0x7,R30
                 ; 0000 0030 
                 ; 0000 0031 
                 ; 0000 0032     ADCSRA |= (1 << ADSC);  // Start A2D Conversions
00009b 9a36      	SBI  0x6,6
                 ; 0000 0033     while ((ADCSRA & (1 << ADSC)));
                 _0x6:
00009c 9936      	SBIC 0x6,6
00009d cffe      	RJMP _0x6
                 ; 0000 0034     ADCSRA |= (1 << ADIF);
00009e 9a34      	SBI  0x6,4
                 ; 0000 0035 
                 ; 0000 0036     return ADCW;
00009f b1e4      	IN   R30,0x4
0000a0 b1f5      	IN   R31,0x4+1
0000a1 9508      	RET
                 ; 0000 0037 }
                 ; .FEND
                 ;
                 ;void main(void)
                 ; 0000 003A {
                 _main:
                 ; .FSTART _main
                 ; 0000 003B     uint16_t ir_value;
                 ; 0000 003C     //char val[10];
                 ; 0000 003D 
                 ; 0000 003E     PORTG = 0x01;
                 ;	ir_value -> R16,R17
0000a2 e0e1      	LDI  R30,LOW(1)
0000a3 93e0 0065 	STS  101,R30
                 ; 0000 003F     DDRG = 0x03;
0000a5 e0e3      	LDI  R30,LOW(3)
0000a6 93e0 0064 	STS  100,R30
                 ; 0000 0040 
                 ; 0000 0041     uart0_init();
0000a8 dfd5      	RCALL _uart0_init
                 ; 0000 0042     adc_interrupt_init();
0000a9 dfe2      	RCALL _adc_interrupt_init
                 ; 0000 0043 
                 ; 0000 0044     while (1)
                 _0x9:
                 ; 0000 0045     {
                 ; 0000 0046         PORTG ^= 0x03;
0000aa 91e0 0065 	LDS  R30,101
0000ac e0a3      	LDI  R26,LOW(3)
0000ad 27ea      	EOR  R30,R26
0000ae 93e0 0065 	STS  101,R30
                 ; 0000 0047         ir_value = read_adc();
0000b0 dfe5      	RCALL _read_adc
0000b1 018f      	MOVW R16,R30
                 ; 0000 0048 
                 ; 0000 0049         //printf("ABC");
                 ; 0000 004A         //sprintf(val, "%u", ir_value);
                 ; 0000 004B         printf("Sensor Value : %u\r\n", ir_value);
                +
0000b2 e9ee     +LDI R30 , LOW ( 2 * _0x0 + ( 0 ) )
0000b3 e0f0     +LDI R31 , HIGH ( 2 * _0x0 + ( 0 ) )
                 	__POINTW1FN _0x0,0
0000b4 93fa      	ST   -Y,R31
0000b5 93ea      	ST   -Y,R30
0000b6 01f8      	MOVW R30,R16
0000b7 2766      	CLR  R22
0000b8 2777      	CLR  R23
0000b9 d201      	RCALL __PUTPARD1
0000ba e084      	LDI  R24,4
0000bb d143      	RCALL _printf
0000bc 9626      	ADIW R28,6
                 ; 0000 004C         delay_ms(80000 / ir_value + 100);
0000bd 01f8      	MOVW R30,R16
0000be 2766      	CLR  R22
0000bf 2777      	CLR  R23
                +
0000c0 e8a0     +LDI R26 , LOW ( 0x13880 )
0000c1 e3b8     +LDI R27 , HIGH ( 0x13880 )
0000c2 e081     +LDI R24 , BYTE3 ( 0x13880 )
0000c3 e090     +LDI R25 , BYTE4 ( 0x13880 )
                 	__GETD2N 0x13880
0000c4 d1dd      	RCALL __DIVD21
0000c5 59ec      	SUBI R30,LOW(-100)
0000c6 4fff      	SBCI R31,HIGH(-100)
0000c7 01df      	MOVW R26,R30
0000c8 d1f7      	RCALL _delay_ms
                 ; 0000 004D     }
0000c9 cfe0      	RJMP _0x9
                 ; 0000 004E }
                 _0xC:
0000ca cfff      	RJMP _0xC
                 ; .FEND
                 	#ifndef __SLEEP_DEFINED__
                 	#endif
                 
                 	.CSEG
                 _put_usart_G100:
                 ; .FSTART _put_usart_G100
0000cb d18e      	RCALL __SAVELOCR4
0000cc 018d      	MOVW R16,R26
0000cd 813c      	LDD  R19,Y+4
0000ce 2fa3      	MOV  R26,R19
0000cf dfa7      	RCALL _putchar
0000d0 01d8      	MOVW R26,R16
0000d1 91ed      	LD   R30,X+
0000d2 91fd      	LD   R31,X+
0000d3 9631      	ADIW R30,1
0000d4 93fe      	ST   -X,R31
0000d5 93ee      	ST   -X,R30
0000d6 d18a      	RCALL __LOADLOCR4
0000d7 9625      	ADIW R28,5
0000d8 9508      	RET
                 ; .FEND
                 __print_G100:
                 ; .FSTART __print_G100
0000d9 93ba      	ST   -Y,R27
0000da 93aa      	ST   -Y,R26
0000db 9726      	SBIW R28,6
0000dc d17b      	RCALL __SAVELOCR6
0000dd e010      	LDI  R17,0
0000de 85ac      	LDD  R26,Y+12
0000df 85bd      	LDD  R27,Y+12+1
0000e0 e0e0      	LDI  R30,LOW(0)
0000e1 e0f0      	LDI  R31,HIGH(0)
0000e2 93ed      	ST   X+,R30
0000e3 93fc      	ST   X,R31
                 _0x2000016:
0000e4 89ea      	LDD  R30,Y+18
0000e5 89fb      	LDD  R31,Y+18+1
0000e6 9631      	ADIW R30,1
0000e7 8bea      	STD  Y+18,R30
0000e8 8bfb      	STD  Y+18+1,R31
0000e9 9731      	SBIW R30,1
0000ea 91e4      	LPM  R30,Z
0000eb 2f2e      	MOV  R18,R30
0000ec 30e0      	CPI  R30,0
0000ed f409      	BRNE PC+2
0000ee c109      	RJMP _0x2000018
0000ef 2fe1      	MOV  R30,R17
0000f0 30e0      	CPI  R30,0
0000f1 f431      	BRNE _0x200001C
0000f2 3225      	CPI  R18,37
0000f3 f411      	BRNE _0x200001D
0000f4 e011      	LDI  R17,LOW(1)
0000f5 c001      	RJMP _0x200001E
                 _0x200001D:
0000f6 d144      	RCALL SUBOPT_0x0
                 _0x200001E:
0000f7 c0ff      	RJMP _0x200001B
                 _0x200001C:
0000f8 30e1      	CPI  R30,LOW(0x1)
0000f9 f4a1      	BRNE _0x200001F
0000fa 3225      	CPI  R18,37
0000fb f411      	BRNE _0x2000020
0000fc d13e      	RCALL SUBOPT_0x0
0000fd c0f8      	RJMP _0x20000CC
                 _0x2000020:
0000fe e012      	LDI  R17,LOW(2)
0000ff e040      	LDI  R20,LOW(0)
000100 e000      	LDI  R16,LOW(0)
000101 322d      	CPI  R18,45
000102 f411      	BRNE _0x2000021
000103 e001      	LDI  R16,LOW(1)
000104 c0f2      	RJMP _0x200001B
                 _0x2000021:
000105 322b      	CPI  R18,43
000106 f411      	BRNE _0x2000022
000107 e24b      	LDI  R20,LOW(43)
000108 c0ee      	RJMP _0x200001B
                 _0x2000022:
000109 3220      	CPI  R18,32
00010a f411      	BRNE _0x2000023
00010b e240      	LDI  R20,LOW(32)
00010c c0ea      	RJMP _0x200001B
                 _0x2000023:
00010d c002      	RJMP _0x2000024
                 _0x200001F:
00010e 30e2      	CPI  R30,LOW(0x2)
00010f f439      	BRNE _0x2000025
                 _0x2000024:
000110 e050      	LDI  R21,LOW(0)
000111 e013      	LDI  R17,LOW(3)
000112 3320      	CPI  R18,48
000113 f411      	BRNE _0x2000026
000114 6800      	ORI  R16,LOW(128)
000115 c0e1      	RJMP _0x200001B
                 _0x2000026:
000116 c003      	RJMP _0x2000027
                 _0x2000025:
000117 30e3      	CPI  R30,LOW(0x3)
000118 f009      	BREQ PC+2
000119 c0dd      	RJMP _0x200001B
                 _0x2000027:
00011a 3320      	CPI  R18,48
00011b f010      	BRLO _0x200002A
00011c 332a      	CPI  R18,58
00011d f008      	BRLO _0x200002B
                 _0x200002A:
00011e c007      	RJMP _0x2000029
                 _0x200002B:
00011f e0aa      	LDI  R26,LOW(10)
000120 9f5a      	MUL  R21,R26
000121 2d50      	MOV  R21,R0
000122 2fe2      	MOV  R30,R18
000123 53e0      	SUBI R30,LOW(48)
000124 0f5e      	ADD  R21,R30
000125 c0d1      	RJMP _0x200001B
                 _0x2000029:
000126 2fe2      	MOV  R30,R18
000127 36e3      	CPI  R30,LOW(0x63)
000128 f439      	BRNE _0x200002F
000129 d118      	RCALL SUBOPT_0x1
00012a 89e8      	LDD  R30,Y+16
00012b 89f9      	LDD  R31,Y+16+1
00012c 81a4      	LDD  R26,Z+4
00012d 93aa      	ST   -Y,R26
00012e d119      	RCALL SUBOPT_0x2
00012f c0c6      	RJMP _0x2000030
                 _0x200002F:
000130 37e3      	CPI  R30,LOW(0x73)
000131 f429      	BRNE _0x2000032
000132 d10f      	RCALL SUBOPT_0x1
000133 d11a      	RCALL SUBOPT_0x3
000134 d0ed      	RCALL _strlen
000135 2f1e      	MOV  R17,R30
000136 c007      	RJMP _0x2000033
                 _0x2000032:
000137 37e0      	CPI  R30,LOW(0x70)
000138 f449      	BRNE _0x2000035
000139 d108      	RCALL SUBOPT_0x1
00013a d113      	RCALL SUBOPT_0x3
00013b d0f2      	RCALL _strlenf
00013c 2f1e      	MOV  R17,R30
00013d 6008      	ORI  R16,LOW(8)
                 _0x2000033:
00013e 6002      	ORI  R16,LOW(2)
00013f 770f      	ANDI R16,LOW(127)
000140 e030      	LDI  R19,LOW(0)
000141 c038      	RJMP _0x2000036
                 _0x2000035:
000142 36e4      	CPI  R30,LOW(0x64)
000143 f011      	BREQ _0x2000039
000144 36e9      	CPI  R30,LOW(0x69)
000145 f411      	BRNE _0x200003A
                 _0x2000039:
000146 6004      	ORI  R16,LOW(4)
000147 c002      	RJMP _0x200003B
                 _0x200003A:
000148 37e5      	CPI  R30,LOW(0x75)
000149 f431      	BRNE _0x200003C
                 _0x200003B:
00014a e8ec      	LDI  R30,LOW(_tbl10_G100*2)
00014b e0f0      	LDI  R31,HIGH(_tbl10_G100*2)
00014c 83ee      	STD  Y+6,R30
00014d 83ff      	STD  Y+6+1,R31
00014e e015      	LDI  R17,LOW(5)
00014f c00c      	RJMP _0x200003D
                 _0x200003C:
000150 35e8      	CPI  R30,LOW(0x58)
000151 f411      	BRNE _0x200003F
000152 6008      	ORI  R16,LOW(8)
000153 c003      	RJMP _0x2000040
                 _0x200003F:
000154 37e8      	CPI  R30,LOW(0x78)
000155 f009      	BREQ PC+2
000156 c09f      	RJMP _0x2000071
                 _0x2000040:
000157 e9e6      	LDI  R30,LOW(_tbl16_G100*2)
000158 e0f0      	LDI  R31,HIGH(_tbl16_G100*2)
000159 83ee      	STD  Y+6,R30
00015a 83ff      	STD  Y+6+1,R31
00015b e014      	LDI  R17,LOW(4)
                 _0x200003D:
00015c ff02      	SBRS R16,2
00015d c015      	RJMP _0x2000042
00015e d0e3      	RCALL SUBOPT_0x1
00015f 89a8      	LDD  R26,Y+16
000160 89b9      	LDD  R27,Y+16+1
000161 9614      	ADIW R26,4
000162 91ed      	LD   R30,X+
000163 91fd      	LD   R31,X+
000164 87ea      	STD  Y+10,R30
000165 87fb      	STD  Y+10+1,R31
000166 85ab      	LDD  R26,Y+11
000167 23aa      	TST  R26
000168 f422      	BRPL _0x2000043
000169 d100      	RCALL __ANEGW1
00016a 87ea      	STD  Y+10,R30
00016b 87fb      	STD  Y+10+1,R31
00016c e24d      	LDI  R20,LOW(45)
                 _0x2000043:
00016d 3040      	CPI  R20,0
00016e f011      	BREQ _0x2000044
00016f 5f1f      	SUBI R17,-LOW(1)
000170 c001      	RJMP _0x2000045
                 _0x2000044:
000171 7f0b      	ANDI R16,LOW(251)
                 _0x2000045:
000172 c007      	RJMP _0x2000046
                 _0x2000042:
000173 d0ce      	RCALL SUBOPT_0x1
000174 89a8      	LDD  R26,Y+16
000175 89b9      	LDD  R27,Y+16+1
000176 9614      	ADIW R26,4
000177 d13b      	RCALL __GETW1P
000178 87ea      	STD  Y+10,R30
000179 87fb      	STD  Y+10+1,R31
                 _0x2000046:
                 _0x2000036:
00017a fd00      	SBRC R16,0
00017b c010      	RJMP _0x2000047
                 _0x2000048:
00017c 1715      	CP   R17,R21
00017d f470      	BRSH _0x200004A
00017e ff07      	SBRS R16,7
00017f c008      	RJMP _0x200004B
000180 ff02      	SBRS R16,2
000181 c004      	RJMP _0x200004C
000182 7f0b      	ANDI R16,LOW(251)
000183 2f24      	MOV  R18,R20
000184 5011      	SUBI R17,LOW(1)
000185 c001      	RJMP _0x200004D
                 _0x200004C:
000186 e320      	LDI  R18,LOW(48)
                 _0x200004D:
000187 c001      	RJMP _0x200004E
                 _0x200004B:
000188 e220      	LDI  R18,LOW(32)
                 _0x200004E:
000189 d0b1      	RCALL SUBOPT_0x0
00018a 5051      	SUBI R21,LOW(1)
00018b cff0      	RJMP _0x2000048
                 _0x200004A:
                 _0x2000047:
00018c 2f31      	MOV  R19,R17
00018d ff01      	SBRS R16,1
00018e c016      	RJMP _0x200004F
                 _0x2000050:
00018f 3030      	CPI  R19,0
000190 f099      	BREQ _0x2000052
000191 ff03      	SBRS R16,3
000192 c006      	RJMP _0x2000053
000193 81ee      	LDD  R30,Y+6
000194 81ff      	LDD  R31,Y+6+1
000195 9125      	LPM  R18,Z+
000196 83ee      	STD  Y+6,R30
000197 83ff      	STD  Y+6+1,R31
000198 c005      	RJMP _0x2000054
                 _0x2000053:
000199 81ae      	LDD  R26,Y+6
00019a 81bf      	LDD  R27,Y+6+1
00019b 912d      	LD   R18,X+
00019c 83ae      	STD  Y+6,R26
00019d 83bf      	STD  Y+6+1,R27
                 _0x2000054:
00019e d09c      	RCALL SUBOPT_0x0
00019f 3050      	CPI  R21,0
0001a0 f009      	BREQ _0x2000055
0001a1 5051      	SUBI R21,LOW(1)
                 _0x2000055:
0001a2 5031      	SUBI R19,LOW(1)
0001a3 cfeb      	RJMP _0x2000050
                 _0x2000052:
0001a4 c048      	RJMP _0x2000056
                 _0x200004F:
                 _0x2000058:
0001a5 e320      	LDI  R18,LOW(48)
0001a6 81ee      	LDD  R30,Y+6
0001a7 81ff      	LDD  R31,Y+6+1
0001a8 d10e      	RCALL __GETW1PF
0001a9 87e8      	STD  Y+8,R30
0001aa 87f9      	STD  Y+8+1,R31
0001ab 81ee      	LDD  R30,Y+6
0001ac 81ff      	LDD  R31,Y+6+1
0001ad 9632      	ADIW R30,2
0001ae 83ee      	STD  Y+6,R30
0001af 83ff      	STD  Y+6+1,R31
                 _0x200005A:
0001b0 85e8      	LDD  R30,Y+8
0001b1 85f9      	LDD  R31,Y+8+1
0001b2 85aa      	LDD  R26,Y+10
0001b3 85bb      	LDD  R27,Y+10+1
0001b4 17ae      	CP   R26,R30
0001b5 07bf      	CPC  R27,R31
0001b6 f050      	BRLO _0x200005C
0001b7 5f2f      	SUBI R18,-LOW(1)
0001b8 85a8      	LDD  R26,Y+8
0001b9 85b9      	LDD  R27,Y+8+1
0001ba 85ea      	LDD  R30,Y+10
0001bb 85fb      	LDD  R31,Y+10+1
0001bc 1bea      	SUB  R30,R26
0001bd 0bfb      	SBC  R31,R27
0001be 87ea      	STD  Y+10,R30
0001bf 87fb      	STD  Y+10+1,R31
0001c0 cfef      	RJMP _0x200005A
                 _0x200005C:
0001c1 332a      	CPI  R18,58
0001c2 f028      	BRLO _0x200005D
0001c3 ff03      	SBRS R16,3
0001c4 c002      	RJMP _0x200005E
0001c5 5f29      	SUBI R18,-LOW(7)
0001c6 c001      	RJMP _0x200005F
                 _0x200005E:
0001c7 5d29      	SUBI R18,-LOW(39)
                 _0x200005F:
                 _0x200005D:
0001c8 fd04      	SBRC R16,4
0001c9 c019      	RJMP _0x2000061
0001ca 3321      	CPI  R18,49
0001cb f420      	BRSH _0x2000063
0001cc 85a8      	LDD  R26,Y+8
0001cd 85b9      	LDD  R27,Y+8+1
0001ce 9711      	SBIW R26,1
0001cf f409      	BRNE _0x2000062
                 _0x2000063:
0001d0 c009      	RJMP _0x20000CD
                 _0x2000062:
0001d1 1753      	CP   R21,R19
0001d2 f010      	BRLO _0x2000067
0001d3 ff00      	SBRS R16,0
0001d4 c001      	RJMP _0x2000068
                 _0x2000067:
0001d5 c011      	RJMP _0x2000066
                 _0x2000068:
0001d6 e220      	LDI  R18,LOW(32)
0001d7 ff07      	SBRS R16,7
0001d8 c00a      	RJMP _0x2000069
0001d9 e320      	LDI  R18,LOW(48)
                 _0x20000CD:
0001da 6100      	ORI  R16,LOW(16)
0001db ff02      	SBRS R16,2
0001dc c006      	RJMP _0x200006A
0001dd 7f0b      	ANDI R16,LOW(251)
0001de 934a      	ST   -Y,R20
0001df d068      	RCALL SUBOPT_0x2
0001e0 3050      	CPI  R21,0
0001e1 f009      	BREQ _0x200006B
0001e2 5051      	SUBI R21,LOW(1)
                 _0x200006B:
                 _0x200006A:
                 _0x2000069:
                 _0x2000061:
0001e3 d057      	RCALL SUBOPT_0x0
0001e4 3050      	CPI  R21,0
0001e5 f009      	BREQ _0x200006C
0001e6 5051      	SUBI R21,LOW(1)
                 _0x200006C:
                 _0x2000066:
0001e7 5031      	SUBI R19,LOW(1)
0001e8 85a8      	LDD  R26,Y+8
0001e9 85b9      	LDD  R27,Y+8+1
0001ea 9712      	SBIW R26,2
0001eb f008      	BRLO _0x2000059
0001ec cfb8      	RJMP _0x2000058
                 _0x2000059:
                 _0x2000056:
0001ed ff00      	SBRS R16,0
0001ee c007      	RJMP _0x200006D
                 _0x200006E:
0001ef 3050      	CPI  R21,0
0001f0 f029      	BREQ _0x2000070
0001f1 5051      	SUBI R21,LOW(1)
0001f2 e2e0      	LDI  R30,LOW(32)
0001f3 93ea      	ST   -Y,R30
0001f4 d053      	RCALL SUBOPT_0x2
0001f5 cff9      	RJMP _0x200006E
                 _0x2000070:
                 _0x200006D:
                 _0x2000071:
                 _0x2000030:
                 _0x20000CC:
0001f6 e010      	LDI  R17,LOW(0)
                 _0x200001B:
0001f7 ceec      	RJMP _0x2000016
                 _0x2000018:
0001f8 85ac      	LDD  R26,Y+12
0001f9 85bd      	LDD  R27,Y+12+1
0001fa 91ed      	LD   R30,X+
0001fb 91fd      	LD   R31,X+
0001fc d062      	RCALL __LOADLOCR6
0001fd 9664      	ADIW R28,20
0001fe 9508      	RET
                 ; .FEND
                 _printf:
                 ; .FSTART _printf
0001ff 92ff      	PUSH R15
000200 2ef8      	MOV  R15,R24
000201 9726      	SBIW R28,6
000202 931a      	ST   -Y,R17
000203 930a      	ST   -Y,R16
000204 01de      	MOVW R26,R28
000205 9614      	ADIW R26,4
000206 d05f      	RCALL __ADDW2R15
000207 018d      	MOVW R16,R26
000208 e0e0      	LDI  R30,LOW(0)
000209 83ec      	STD  Y+4,R30
00020a 83ed      	STD  Y+4+1,R30
00020b 83ee      	STD  Y+6,R30
00020c 83ef      	STD  Y+6+1,R30
00020d 01de      	MOVW R26,R28
00020e 9618      	ADIW R26,8
00020f d056      	RCALL __ADDW2R15
000210 91ed      	LD   R30,X+
000211 91fd      	LD   R31,X+
000212 93fa      	ST   -Y,R31
000213 93ea      	ST   -Y,R30
000214 931a      	ST   -Y,R17
000215 930a      	ST   -Y,R16
000216 eceb      	LDI  R30,LOW(_put_usart_G100)
000217 e0f0      	LDI  R31,HIGH(_put_usart_G100)
000218 93fa      	ST   -Y,R31
000219 93ea      	ST   -Y,R30
00021a 01de      	MOVW R26,R28
00021b 9618      	ADIW R26,8
00021c debc      	RCALL __print_G100
00021d 8119      	LDD  R17,Y+1
00021e 8108      	LDD  R16,Y+0
00021f 9628      	ADIW R28,8
000220 90ff      	POP  R15
000221 9508      	RET
                 ; .FEND
                 
                 	.CSEG
                 
                 	.CSEG
                 _strlen:
                 ; .FSTART _strlen
000222 93ba      	ST   -Y,R27
000223 93aa      	ST   -Y,R26
000224 91a9          ld   r26,y+
000225 91b9          ld   r27,y+
000226 27ee          clr  r30
000227 27ff          clr  r31
                 strlen0:
000228 916d          ld   r22,x+
000229 2366          tst  r22
00022a f011          breq strlen1
00022b 9631          adiw r30,1
00022c cffb          rjmp strlen0
                 strlen1:
00022d 9508          ret
                 ; .FEND
                 _strlenf:
                 ; .FSTART _strlenf
00022e 93ba      	ST   -Y,R27
00022f 93aa      	ST   -Y,R26
000230 27aa          clr  r26
000231 27bb          clr  r27
000232 91e9          ld   r30,y+
000233 91f9          ld   r31,y+
                 strlenf0:
000234 9005      	lpm  r0,z+
000235 2000          tst  r0
000236 f011          breq strlenf1
000237 9611          adiw r26,1
000238 cffb          rjmp strlenf0
                 strlenf1:
000239 01fd          movw r30,r26
00023a 9508          ret
                 ; .FEND
                 
                 	.CSEG
                 ;OPTIMIZER ADDED SUBROUTINE, CALLED 5 TIMES, CODE SIZE REDUCTION:18 WORDS
                 SUBOPT_0x0:
00023b 932a      	ST   -Y,R18
00023c 85ad      	LDD  R26,Y+13
00023d 85be      	LDD  R27,Y+13+1
00023e 85ef      	LDD  R30,Y+15
00023f 89f8      	LDD  R31,Y+15+1
000240 9509      	ICALL
000241 9508      	RET
                 
                 ;OPTIMIZER ADDED SUBROUTINE, CALLED 5 TIMES, CODE SIZE REDUCTION:14 WORDS
                 SUBOPT_0x1:
000242 89e8      	LDD  R30,Y+16
000243 89f9      	LDD  R31,Y+16+1
000244 9734      	SBIW R30,4
000245 8be8      	STD  Y+16,R30
000246 8bf9      	STD  Y+16+1,R31
000247 9508      	RET
                 
                 ;OPTIMIZER ADDED SUBROUTINE, CALLED 3 TIMES, CODE SIZE REDUCTION:6 WORDS
                 SUBOPT_0x2:
000248 85ad      	LDD  R26,Y+13
000249 85be      	LDD  R27,Y+13+1
00024a 85ef      	LDD  R30,Y+15
00024b 89f8      	LDD  R31,Y+15+1
00024c 9509      	ICALL
00024d 9508      	RET
                 
                 ;OPTIMIZER ADDED SUBROUTINE, CALLED 2 TIMES, CODE SIZE REDUCTION:6 WORDS
                 SUBOPT_0x3:
00024e 89a8      	LDD  R26,Y+16
00024f 89b9      	LDD  R27,Y+16+1
000250 9614      	ADIW R26,4
000251 91ed      	LD   R30,X+
000252 91fd      	LD   R31,X+
000253 83ee      	STD  Y+6,R30
000254 83ff      	STD  Y+6+1,R31
000255 81ae      	LDD  R26,Y+6
000256 81bf      	LDD  R27,Y+6+1
000257 9508      	RET
                 
                 ;RUNTIME LIBRARY
                 
                 	.CSEG
                 __SAVELOCR6:
000258 935a      	ST   -Y,R21
                 __SAVELOCR5:
000259 934a      	ST   -Y,R20
                 __SAVELOCR4:
00025a 933a      	ST   -Y,R19
                 __SAVELOCR3:
00025b 932a      	ST   -Y,R18
                 __SAVELOCR2:
00025c 931a      	ST   -Y,R17
00025d 930a      	ST   -Y,R16
00025e 9508      	RET
                 
                 __LOADLOCR6:
00025f 815d      	LDD  R21,Y+5
                 __LOADLOCR5:
000260 814c      	LDD  R20,Y+4
                 __LOADLOCR4:
000261 813b      	LDD  R19,Y+3
                 __LOADLOCR3:
000262 812a      	LDD  R18,Y+2
                 __LOADLOCR2:
000263 8119      	LDD  R17,Y+1
000264 8108      	LD   R16,Y
000265 9508      	RET
                 
                 __ADDW2R15:
000266 2400      	CLR  R0
000267 0daf      	ADD  R26,R15
000268 1db0      	ADC  R27,R0
000269 9508      	RET
                 
                 __ANEGW1:
00026a 95f1      	NEG  R31
00026b 95e1      	NEG  R30
00026c 40f0      	SBCI R31,0
00026d 9508      	RET
                 
                 __ANEGD1:
00026e 95f0      	COM  R31
00026f 9560      	COM  R22
000270 9570      	COM  R23
000271 95e1      	NEG  R30
000272 4fff      	SBCI R31,-1
000273 4f6f      	SBCI R22,-1
000274 4f7f      	SBCI R23,-1
000275 9508      	RET
                 
                 __ANEGD2:
000276 95b0      	COM  R27
000277 9580      	COM  R24
000278 9590      	COM  R25
000279 95a1      	NEG  R26
00027a 4fbf      	SBCI R27,-1
00027b 4f8f      	SBCI R24,-1
00027c 4f9f      	SBCI R25,-1
00027d 9508      	RET
                 
                 __DIVD21U:
00027e 933f      	PUSH R19
00027f 934f      	PUSH R20
000280 935f      	PUSH R21
000281 2400      	CLR  R0
000282 2411      	CLR  R1
000283 01a0      	MOVW R20,R0
000284 e230      	LDI  R19,32
                 __DIVD21U1:
000285 0faa      	LSL  R26
000286 1fbb      	ROL  R27
000287 1f88      	ROL  R24
000288 1f99      	ROL  R25
000289 1c00      	ROL  R0
00028a 1c11      	ROL  R1
00028b 1f44      	ROL  R20
00028c 1f55      	ROL  R21
00028d 1a0e      	SUB  R0,R30
00028e 0a1f      	SBC  R1,R31
00028f 0b46      	SBC  R20,R22
000290 0b57      	SBC  R21,R23
000291 f428      	BRCC __DIVD21U2
000292 0e0e      	ADD  R0,R30
000293 1e1f      	ADC  R1,R31
000294 1f46      	ADC  R20,R22
000295 1f57      	ADC  R21,R23
000296 c001      	RJMP __DIVD21U3
                 __DIVD21U2:
000297 60a1      	SBR  R26,1
                 __DIVD21U3:
000298 953a      	DEC  R19
000299 f759      	BRNE __DIVD21U1
00029a 01fd      	MOVW R30,R26
00029b 01bc      	MOVW R22,R24
00029c 01d0      	MOVW R26,R0
00029d 01ca      	MOVW R24,R20
00029e 915f      	POP  R21
00029f 914f      	POP  R20
0002a0 913f      	POP  R19
0002a1 9508      	RET
                 
                 __DIVD21:
0002a2 d004      	RCALL __CHKSIGND
0002a3 dfda      	RCALL __DIVD21U
0002a4 f40e      	BRTC __DIVD211
0002a5 dfc8      	RCALL __ANEGD1
                 __DIVD211:
0002a6 9508      	RET
                 
                 __CHKSIGND:
0002a7 94e8      	CLT
0002a8 ff77      	SBRS R23,7
0002a9 c002      	RJMP __CHKSD1
0002aa dfc3      	RCALL __ANEGD1
0002ab 9468      	SET
                 __CHKSD1:
0002ac ff97      	SBRS R25,7
0002ad c004      	RJMP __CHKSD2
0002ae dfc7      	RCALL __ANEGD2
0002af f800      	BLD  R0,0
0002b0 9403      	INC  R0
0002b1 fa00      	BST  R0,0
                 __CHKSD2:
0002b2 9508      	RET
                 
                 __GETW1P:
0002b3 91ed      	LD   R30,X+
0002b4 91fc      	LD   R31,X
0002b5 9711      	SBIW R26,1
0002b6 9508      	RET
                 
                 __GETW1PF:
0002b7 9005      	LPM  R0,Z+
0002b8 91f4      	LPM  R31,Z
0002b9 2de0      	MOV  R30,R0
0002ba 9508      	RET
                 
                 __PUTPARD1:
0002bb 937a      	ST   -Y,R23
0002bc 936a      	ST   -Y,R22
0002bd 93fa      	ST   -Y,R31
0002be 93ea      	ST   -Y,R30
0002bf 9508      	RET
                 
                 _delay_ms:
0002c0 9610      	adiw r26,0
0002c1 f039      	breq __delay_ms1
                 __delay_ms0:
0002c2 95a8      	wdr
                +
0002c3 ed80     +LDI R24 , LOW ( 0x7D0 )
0002c4 e097     +LDI R25 , HIGH ( 0x7D0 )
                +__DELAY_USW_LOOP :
0002c5 9701     +SBIW R24 , 1
0002c6 f7f1     +BRNE __DELAY_USW_LOOP
                 	__DELAY_USW 0x7D0
0002c7 9711      	sbiw r26,1
0002c8 f7c9      	brne __delay_ms0
                 __delay_ms1:
0002c9 9508      	ret
                 
                 ;END OF CODE MARKER
                 __END_OF_CODE:


RESOURCE USE INFORMATION
------------------------

Notice:
The register and instruction counts are symbol table hit counts,
and hence implicitly used resources are not counted, eg, the
'lpm' instruction without operands implicitly uses r0 and z,
none of which are counted.

x,y,z are separate entities in the symbol table and are
counted separately from r26..r31 here.

.dseg memory usage only counts static data declared with .byte

ATmega128 register use summary:
r0 :  16 r1 :   4 r2 :   0 r3 :   0 r4 :   0 r5 :   0 r6 :   0 r7 :   0 
r8 :   0 r9 :   0 r10:   0 r11:   0 r12:   0 r13:   0 r14:   0 r15:   4 
r16:  35 r17:  23 r18:  27 r19:  14 r20:  16 r21:  22 r22:  10 r23:   8 
r24:  15 r25:   7 r26:  60 r27:  28 r28:  10 r29:   1 r30: 129 r31:  54 
x  :  20 y  : 122 z  :   6 
Registers used: 22 out of 35 (62.9%)

ATmega128 instruction use summary:
.lds  :   0 .lds.l:   0 .sts  :   0 .sts.l:   0 adc   :   4 add   :   3 
adiw  :  16 and   :   0 andi  :   5 asr   :   0 bclr  :   0 bld   :   1 
brbc  :   0 brbs  :   0 brcc  :   1 brcs  :   0 break :   0 breq  :  12 
brge  :   0 brhc  :   0 brhs  :   0 brid  :   0 brie  :   0 brlo  :   6 
brlt  :   0 brmi  :   0 brne  :  22 brpl  :   1 brsh  :   2 brtc  :   1 
brts  :   0 brvc  :   0 brvs  :   0 bset  :   0 bst   :   1 call  :   0 
cbi   :   0 cbr   :   0 clc   :   0 clh   :   0 cli   :   1 cln   :   0 
clr   :  13 cls   :   0 clt   :   1 clv   :   0 clz   :   0 com   :   6 
cp    :   3 cpc   :   1 cpi   :  29 cpse  :   0 dec   :   2 des   :   0 
elpm  :   0 eor   :   1 fmul  :   0 fmuls :   0 fmulsu:   0 icall :   2 
ijmp  :   0 in    :   5 inc   :   1 jmp   :  36 ld    :  20 ldd   :  56 
ldi   :  61 lds   :   1 lpm   :   7 lsl   :   1 lsr   :   0 mov   :  13 
movw  :  16 mul   :   1 muls  :   0 mulsu :   0 neg   :   4 nop   :   0 
or    :   0 ori   :   7 out   :  14 pop   :   4 push  :   4 rcall :  40 
ret   :  26 reti  :   0 rjmp  :  56 rol   :   7 ror   :   0 sbc   :   4 
sbci  :   8 sbi   :   5 sbic  :   1 sbis  :   1 sbiw  :  10 sbr   :   1 
sbrc  :   2 sbrs  :  12 sec   :   0 seh   :   0 sei   :   0 sen   :   0 
ser   :   0 ses   :   0 set   :   1 sev   :   0 sez   :   0 sleep :   0 
spm   :   0 st    :  37 std   :  30 sts   :   7 sub   :   2 subi  :  14 
swap  :   0 tst   :   3 wdr   :   1 
Instructions used: 61 out of 117 (52.1%)

ATmega128 memory use summary [bytes]:
Segment   Begin    End      Code   Data   Used    Size   Use%
---------------------------------------------------------------
[.cseg] 0x000000 0x000594   1390     38   1428  131072   1.1%
[.dseg] 0x000100 0x000500      0      0      0    4096   0.0%
[.eseg] 0x000000 0x000000      0      0      0    4096   0.0%

Assembly complete, 0 errors, 0 warnings
