RAM Allocation [bytes]
Variable                                                                          Address   Size
------------------------------------------------------------------------------------------------
pulse_count                                                                       0x0500       2
toggle                                                                            0x0502       2

EEPROM Allocation [bytes]
Variable                                                                          Address   Size
------------------------------------------------------------------------------------------------

Register Allocation
Variable                                                                          Register  Size
------------------------------------------------------------------------------------------------

FLASH Allocation [words]
Function                                                                          Address   Size
------------------------------------------------------------------------------------------------
putchar                                                                           0x0007F      7
uart0_init                                                                        0x00086     14
sonar_init                                                                        0x00094      8
count_pulse                                                                       0x0009C     16
read_pulse                                                                        0x000AC     76
main                                                                              0x000F8     30
put_usart_G100                                                                    0x00116     10
_print_G100                                                                       0x00120    294
printf                                                                            0x00246     35
strlen                                                                            0x00269     12
strlenf                                                                           0x00275     13
